// Jest Snapshot v1, https://goo.gl/fbAQLP

exports[`Tests NavBar component should render correctly 1`] = `
<nav
  className="flex-container"
>
  <div
    className="flex-container space-between default-width notification-wrapper"
  >
    <div
      className="default-padding button-1"
      onClick={[Function]}
    >
      <b>
        Phrasebook
      </b>
    </div>
    <div
      className="notification-actions flex-container"
      onClick={[Function]}
    >
      <MdNotifications
        size={30}
      />
      <span
        className="notifications-count"
      >
        2
      </span>
    </div>
  </div>
</nav>
`;
