// Jest Snapshot v1, https://goo.gl/fbAQLP

exports[`Tests button component should render correctly 1`] = `
<div
  className="App"
>
  <withRouter(NavBar)
    props={
      Object {
        "fetchNotificationsAction": [Function],
        "isLoggedIn": false,
        "notifications": Array [],
      }
    }
  />
  <main
    className="full-height bg-white default-width"
  >
    <Switch>
      <Route
        exact={true}
        path="/"
        render={[Function]}
      />
      <Route
        component={[Function]}
        path="/notifications"
      />
      <Route
        path="/notification/:id"
        render={[Function]}
      />
    </Switch>
  </main>
</div>
`;
